
Testing form
----------------------
0_num_coefficients = 2
1_has_cell_integrals = 1
2_has_exterior_facet_integrals = 0
3_has_interior_facet_integrals = 0
4_has_point_integrals = 0
5_num_cell_domains = 0
6_num_exterior_facet_domains = 0
7_num_interior_facet_domains = 0
8_num_point_domains = 0

Testing finite_element
----------------------
9_cell_shape = 1
10_space_dimension = 3
11_value_rank = 0
12_evaluate_basis:_0 = 1.471885262292243
13_evaluate_basis:_1 = 2.026670541349323
14_evaluate_basis:_2 = -2.498555720362926
15_evaluate_basis_all = 1.471885262292243 2.026670541349323 -2.498555720362926
16_evaluate_basis_derivatives_0_0 = 1.471885262292243
17_evaluate_basis_derivatives_0_1 = 0.08558527756860768 -2.278708502584256
18_evaluate_basis_derivatives_0_2 = 0 0 0 0
19_evaluate_basis_derivatives_1_0 = 2.026670541349323
20_evaluate_basis_derivatives_1_1 = -2.364293847937597 0.449322748907743
21_evaluate_basis_derivatives_1_2 = 0 0 0 0
22_evaluate_basis_derivatives_2_0 = -2.498555720362926
23_evaluate_basis_derivatives_2_1 = 2.278708502007734 1.829385698794941
24_evaluate_basis_derivatives_2_2 = 0 0 0 0
25_evaluate_basis_derivatives_all_0 = 1.471885262292243 2.026670541349323 -2.498555720362926
26_evaluate_basis_derivatives_all_1 = 0.08558527756860768 -2.278708502584256 -2.364293847937597 0.449322748907743 2.278708502007734 1.829385698794941
27_evaluate_basis_derivatives_all_2 = 0 0 0 0 0 0 0 0 0 0 0 0
28_evaluate_dof_0 = 0.3079230000000001
29_evaluate_dof_1 = 0.430287
30_evaluate_dof_2 = 0.772821
31_evaluate_dofs = 0.3079230000000001 0.430287 0.772821
32_interpolate_vertex_values = 0.3079230000000001 0.430287 0.772821
33_num_sub_elements = 0

Testing finite_element
----------------------
34_cell_shape = 1
35_space_dimension = 3
36_value_rank = 0
37_evaluate_basis:_0 = 1.471885262292243
38_evaluate_basis:_1 = 2.026670541349323
39_evaluate_basis:_2 = -2.498555720362926
40_evaluate_basis_all = 1.471885262292243 2.026670541349323 -2.498555720362926
41_evaluate_basis_derivatives_0_0 = 1.471885262292243
42_evaluate_basis_derivatives_0_1 = 0.08558527756860768 -2.278708502584256
43_evaluate_basis_derivatives_0_2 = 0 0 0 0
44_evaluate_basis_derivatives_1_0 = 2.026670541349323
45_evaluate_basis_derivatives_1_1 = -2.364293847937597 0.449322748907743
46_evaluate_basis_derivatives_1_2 = 0 0 0 0
47_evaluate_basis_derivatives_2_0 = -2.498555720362926
48_evaluate_basis_derivatives_2_1 = 2.278708502007734 1.829385698794941
49_evaluate_basis_derivatives_2_2 = 0 0 0 0
50_evaluate_basis_derivatives_all_0 = 1.471885262292243 2.026670541349323 -2.498555720362926
51_evaluate_basis_derivatives_all_1 = 0.08558527756860768 -2.278708502584256 -2.364293847937597 0.449322748907743 2.278708502007734 1.829385698794941
52_evaluate_basis_derivatives_all_2 = 0 0 0 0 0 0 0 0 0 0 0 0
53_evaluate_dof_0 = 0.3079230000000001
54_evaluate_dof_1 = 0.430287
55_evaluate_dof_2 = 0.772821
56_evaluate_dofs = 0.3079230000000001 0.430287 0.772821
57_interpolate_vertex_values = 0.3079230000000001 0.430287 0.772821
58_num_sub_elements = 0

Testing finite_element
----------------------
59_cell_shape = 1
60_space_dimension = 3
61_value_rank = 0
62_evaluate_basis:_0 = 1.471885262292243
63_evaluate_basis:_1 = 2.026670541349323
64_evaluate_basis:_2 = -2.498555720362926
65_evaluate_basis_all = 1.471885262292243 2.026670541349323 -2.498555720362926
66_evaluate_basis_derivatives_0_0 = 1.471885262292243
67_evaluate_basis_derivatives_0_1 = 0.08558527756860768 -2.278708502584256
68_evaluate_basis_derivatives_0_2 = 0 0 0 0
69_evaluate_basis_derivatives_1_0 = 2.026670541349323
70_evaluate_basis_derivatives_1_1 = -2.364293847937597 0.449322748907743
71_evaluate_basis_derivatives_1_2 = 0 0 0 0
72_evaluate_basis_derivatives_2_0 = -2.498555720362926
73_evaluate_basis_derivatives_2_1 = 2.278708502007734 1.829385698794941
74_evaluate_basis_derivatives_2_2 = 0 0 0 0
75_evaluate_basis_derivatives_all_0 = 1.471885262292243 2.026670541349323 -2.498555720362926
76_evaluate_basis_derivatives_all_1 = 0.08558527756860768 -2.278708502584256 -2.364293847937597 0.449322748907743 2.278708502007734 1.829385698794941
77_evaluate_basis_derivatives_all_2 = 0 0 0 0 0 0 0 0 0 0 0 0
78_evaluate_dof_0 = 0.3079230000000001
79_evaluate_dof_1 = 0.430287
80_evaluate_dof_2 = 0.772821
81_evaluate_dofs = 0.3079230000000001 0.430287 0.772821
82_interpolate_vertex_values = 0.3079230000000001 0.430287 0.772821
83_num_sub_elements = 0

Testing finite_element
----------------------
84_cell_shape = 1
85_space_dimension = 3
86_value_rank = 0
87_evaluate_basis:_0 = 1.471885262292243
88_evaluate_basis:_1 = 2.026670541349323
89_evaluate_basis:_2 = -2.498555720362926
90_evaluate_basis_all = 1.471885262292243 2.026670541349323 -2.498555720362926
91_evaluate_basis_derivatives_0_0 = 1.471885262292243
92_evaluate_basis_derivatives_0_1 = 0.08558527756860768 -2.278708502584256
93_evaluate_basis_derivatives_0_2 = 0 0 0 0
94_evaluate_basis_derivatives_1_0 = 2.026670541349323
95_evaluate_basis_derivatives_1_1 = -2.364293847937597 0.449322748907743
96_evaluate_basis_derivatives_1_2 = 0 0 0 0
97_evaluate_basis_derivatives_2_0 = -2.498555720362926
98_evaluate_basis_derivatives_2_1 = 2.278708502007734 1.829385698794941
99_evaluate_basis_derivatives_2_2 = 0 0 0 0
100_evaluate_basis_derivatives_all_0 = 1.471885262292243 2.026670541349323 -2.498555720362926
101_evaluate_basis_derivatives_all_1 = 0.08558527756860768 -2.278708502584256 -2.364293847937597 0.449322748907743 2.278708502007734 1.829385698794941
102_evaluate_basis_derivatives_all_2 = 0 0 0 0 0 0 0 0 0 0 0 0
103_evaluate_dof_0 = 0.3079230000000001
104_evaluate_dof_1 = 0.430287
105_evaluate_dof_2 = 0.772821
106_evaluate_dofs = 0.3079230000000001 0.430287 0.772821
107_interpolate_vertex_values = 0.3079230000000001 0.430287 0.772821
108_num_sub_elements = 0

Testing dofmap
----------------------
109_needs_mesh_entities_0 = 1
110_needs_mesh_entities_1 = 0
111_needs_mesh_entities_2 = 0
112_global_dimension = 10001
113_local_dimension = 3
114_geometric_dimension = 2
115_num_facet_dofs = 2
116_num_entity_dofs_0 = 1
117_num_entity_dofs_1 = 0
118_num_entity_dofs_2 = 0
119_tabulate_dofs = 0 0 0
120_tabulate_facet_dofs_0 = 1 2
121_tabulate_facet_dofs_1 = 0 2
122_tabulate_facet_dofs_2 = 0 1
123_tabulate_entity_dofs_0_0 = 0
124_tabulate_entity_dofs_0_1 = 1
125_tabulate_entity_dofs_0_2 = 2
126_tabulate_entity_dofs_1_0 =
127_tabulate_entity_dofs_1_1 =
128_tabulate_entity_dofs_1_2 =
129_tabulate_entity_dofs_2_0 =
130_tabulate_coordinates_0 = 0.903 0.341
131_tabulate_coordinates_1 = 0.5610000000000001 0.767
132_tabulate_coordinates_2 = 0.987 0.783
133_num_sub_dofmaps = 0

Testing dofmap
----------------------
134_needs_mesh_entities_0 = 1
135_needs_mesh_entities_1 = 0
136_needs_mesh_entities_2 = 0
137_global_dimension = 10001
138_local_dimension = 3
139_geometric_dimension = 2
140_num_facet_dofs = 2
141_num_entity_dofs_0 = 1
142_num_entity_dofs_1 = 0
143_num_entity_dofs_2 = 0
144_tabulate_dofs = 0 0 0
145_tabulate_facet_dofs_0 = 1 2
146_tabulate_facet_dofs_1 = 0 2
147_tabulate_facet_dofs_2 = 0 1
148_tabulate_entity_dofs_0_0 = 0
149_tabulate_entity_dofs_0_1 = 1
150_tabulate_entity_dofs_0_2 = 2
151_tabulate_entity_dofs_1_0 =
152_tabulate_entity_dofs_1_1 =
153_tabulate_entity_dofs_1_2 =
154_tabulate_entity_dofs_2_0 =
155_tabulate_coordinates_0 = 0.903 0.341
156_tabulate_coordinates_1 = 0.5610000000000001 0.767
157_tabulate_coordinates_2 = 0.987 0.783
158_num_sub_dofmaps = 0

Testing dofmap
----------------------
159_needs_mesh_entities_0 = 1
160_needs_mesh_entities_1 = 0
161_needs_mesh_entities_2 = 0
162_global_dimension = 10001
163_local_dimension = 3
164_geometric_dimension = 2
165_num_facet_dofs = 2
166_num_entity_dofs_0 = 1
167_num_entity_dofs_1 = 0
168_num_entity_dofs_2 = 0
169_tabulate_dofs = 0 0 0
170_tabulate_facet_dofs_0 = 1 2
171_tabulate_facet_dofs_1 = 0 2
172_tabulate_facet_dofs_2 = 0 1
173_tabulate_entity_dofs_0_0 = 0
174_tabulate_entity_dofs_0_1 = 1
175_tabulate_entity_dofs_0_2 = 2
176_tabulate_entity_dofs_1_0 =
177_tabulate_entity_dofs_1_1 =
178_tabulate_entity_dofs_1_2 =
179_tabulate_entity_dofs_2_0 =
180_tabulate_coordinates_0 = 0.903 0.341
181_tabulate_coordinates_1 = 0.5610000000000001 0.767
182_tabulate_coordinates_2 = 0.987 0.783
183_num_sub_dofmaps = 0

Testing dofmap
----------------------
184_needs_mesh_entities_0 = 1
185_needs_mesh_entities_1 = 0
186_needs_mesh_entities_2 = 0
187_global_dimension = 10001
188_local_dimension = 3
189_geometric_dimension = 2
190_num_facet_dofs = 2
191_num_entity_dofs_0 = 1
192_num_entity_dofs_1 = 0
193_num_entity_dofs_2 = 0
194_tabulate_dofs = 0 0 0
195_tabulate_facet_dofs_0 = 1 2
196_tabulate_facet_dofs_1 = 0 2
197_tabulate_facet_dofs_2 = 0 1
198_tabulate_entity_dofs_0_0 = 0
199_tabulate_entity_dofs_0_1 = 1
200_tabulate_entity_dofs_0_2 = 2
201_tabulate_entity_dofs_1_0 =
202_tabulate_entity_dofs_1_1 =
203_tabulate_entity_dofs_1_2 =
204_tabulate_entity_dofs_2_0 =
205_tabulate_coordinates_0 = 0.903 0.341
206_tabulate_coordinates_1 = 0.5610000000000001 0.767
207_tabulate_coordinates_2 = 0.987 0.783
208_num_sub_dofmaps = 0
209_default_cell_integral = 1

Testing cell_integral
----------------------
210_tabulate_tensor = 0.1386506280888114 -0.03168506123409273 -0.1041454666584735 -0.03168506123409273 0.1549174651981213 -0.1196191505849194 -0.1041454666584735 -0.1196191505849194 0.2283472800951026
211_default_exterior_facet_integral = 0
212_default_interior_facet_integral = 0
213_default_point_integral = 0
