
Testing finite_element
----------------------
0_cell_shape = 0
1_space_dimension = 2
2_value_rank = 0
3_evaluate_basis:_0 = -0.4615776517895931
4_evaluate_basis:_1 = 1.461577650111562
5_evaluate_basis_all = -0.4615776517895931 1.461577650111562
6_evaluate_basis_derivatives_0_0 = -0.4615776517895931
7_evaluate_basis_derivatives_0_1 = 0.7775979002967301 -0.9685868582643481 -0.8549029547121944
8_evaluate_basis_derivatives_0_2 = 0 0 0 0 0 0 0 0 0
9_evaluate_basis_derivatives_1_0 = 1.461577650111562
10_evaluate_basis_derivatives_1_1 = -0.7775979002967301 0.9685868582643481 0.8549029547121944
11_evaluate_basis_derivatives_1_2 = 0 0 0 0 0 0 0 0 0
12_evaluate_basis_derivatives_all_0 = -0.4615776517895931 1.461577650111562
13_evaluate_basis_derivatives_all_1 = 0.7775979002967301 -0.9685868582643481 -0.8549029547121944 -0.7775979002967301 0.9685868582643481 0.8549029547121944
14_evaluate_basis_derivatives_all_2 = 0 0 0 0 0 0 0 0 0 0 0 0 0 0 0 0 0 0
15_evaluate_dof_0 = 0.140720811
16_evaluate_dof_1 = 0.358429071
17_evaluate_dofs = 0.140720811 0.358429071
18_interpolate_vertex_values = 0.140720811 0.358429071
19_num_sub_elements = 0

Testing finite_element
----------------------
20_cell_shape = 0
21_space_dimension = 6
22_value_rank = 1
23_value_dimension_0 = 3
24_evaluate_basis:_0 = -0.4615776517895931 0 0
25_evaluate_basis:_1 = 1.461577650111562 0 0
26_evaluate_basis:_2 = 0 -0.4615776517895931 0
27_evaluate_basis:_3 = 0 1.461577650111562 0
28_evaluate_basis:_4 = 0 0 -0.4615776517895931
29_evaluate_basis:_5 = 0 0 1.461577650111562
30_evaluate_basis_all = -0.4615776517895931 0 0 1.461577650111562 0 0 0 -0.4615776517895931 0 0 1.461577650111562 0 0 0 -0.4615776517895931 0 0 1.461577650111562
31_evaluate_basis_derivatives_0_0 = -0.4615776517895931 0 0
32_evaluate_basis_derivatives_0_1 = 0.7775979002967301 -0.9685868582643481 -0.8549029547121944 0 0 0 0 0 0
33_evaluate_basis_derivatives_0_2 = 0 0 0 0 0 0 0 0 0 0 0 0 0 0 0 0 0 0 0 0 0 0 0 0 0 0 0
34_evaluate_basis_derivatives_1_0 = 1.461577650111562 0 0
35_evaluate_basis_derivatives_1_1 = -0.7775979002967301 0.9685868582643481 0.8549029547121944 0 0 0 0 0 0
36_evaluate_basis_derivatives_1_2 = 0 0 0 0 0 0 0 0 0 0 0 0 0 0 0 0 0 0 0 0 0 0 0 0 0 0 0
37_evaluate_basis_derivatives_2_0 = 0 -0.4615776517895931 0
38_evaluate_basis_derivatives_2_1 = 0 0 0 0.7775979002967301 -0.9685868582643481 -0.8549029547121944 0 0 0
39_evaluate_basis_derivatives_2_2 = 0 0 0 0 0 0 0 0 0 0 0 0 0 0 0 0 0 0 0 0 0 0 0 0 0 0 0
40_evaluate_basis_derivatives_3_0 = 0 1.461577650111562 0
41_evaluate_basis_derivatives_3_1 = 0 0 0 -0.7775979002967301 0.9685868582643481 0.8549029547121944 0 0 0
42_evaluate_basis_derivatives_3_2 = 0 0 0 0 0 0 0 0 0 0 0 0 0 0 0 0 0 0 0 0 0 0 0 0 0 0 0
43_evaluate_basis_derivatives_4_0 = 0 0 -0.4615776517895931
44_evaluate_basis_derivatives_4_1 = 0 0 0 0 0 0 0.7775979002967301 -0.9685868582643481 -0.8549029547121944
45_evaluate_basis_derivatives_4_2 = 0 0 0 0 0 0 0 0 0 0 0 0 0 0 0 0 0 0 0 0 0 0 0 0 0 0 0
46_evaluate_basis_derivatives_5_0 = 0 0 1.461577650111562
47_evaluate_basis_derivatives_5_1 = 0 0 0 0 0 0 -0.7775979002967301 0.9685868582643481 0.8549029547121944
48_evaluate_basis_derivatives_5_2 = 0 0 0 0 0 0 0 0 0 0 0 0 0 0 0 0 0 0 0 0 0 0 0 0 0 0 0
49_evaluate_basis_derivatives_all_0 = -0.4615776517895931 0 0 1.461577650111562 0 0 0 -0.4615776517895931 0 0 1.461577650111562 0 0 0 -0.4615776517895931 0 0 1.461577650111562
50_evaluate_basis_derivatives_all_1 = 0.7775979002967301 -0.9685868582643481 -0.8549029547121944 0 0 0 0 0 0 -0.7775979002967301 0.9685868582643481 0.8549029547121944 0 0 0 0 0 0 0 0 0 0.7775979002967301 -0.9685868582643481 -0.8549029547121944 0 0 0 0 0 0 -0.7775979002967301 0.9685868582643481 0.8549029547121944 0 0 0 0 0 0 0 0 0 0.7775979002967301 -0.9685868582643481 -0.8549029547121944 0 0 0 0 0 0 -0.7775979002967301 0.9685868582643481 0.8549029547121944
51_evaluate_basis_derivatives_all_2 = 0 0 0 0 0 0 0 0 0 0 0 0 0 0 0 0 0 0 0 0 0 0 0 0 0 0 0 0 0 0 0 0 0 0 0 0 0 0 0 0 0 0 0 0 0 0 0 0 0 0 0 0 0 0 0 0 0 0 0 0 0 0 0 0 0 0 0 0 0 0 0 0 0 0 0 0 0 0 0 0 0 0 0 0 0 0 0 0 0 0 0 0 0 0 0 0 0 0 0 0 0 0 0 0 0 0 0 0 0 0 0 0 0 0 0 0 0 0 0 0 0 0 0 0 0 0 0 0 0 0 0 0 0 0 0 0 0 0 0 0 0 0 0 0 0 0 0 0 0 0 0 0 0 0 0 0 0 0 0 0 0 0
52_evaluate_dof_0 = 0.140720811
53_evaluate_dof_1 = 0.358429071
54_evaluate_dof_2 = 1.125766488
55_evaluate_dof_3 = 2.867432568
56_evaluate_dof_4 = 3.799461897000001
57_evaluate_dof_5 = 9.677584917000001
58_evaluate_dofs = 0.140720811 0.358429071 1.125766488 2.867432568 3.799461897000001 9.677584917000001
59_interpolate_vertex_values = 0.140720811 1.125766488 3.799461897000001 0.358429071 2.867432568 9.677584917000001
60_num_sub_elements = 3

Testing finite_element
----------------------
61_cell_shape = 0
62_space_dimension = 2
63_value_rank = 0
64_evaluate_basis:_0 = -0.4615776517895931
65_evaluate_basis:_1 = 1.461577650111562
66_evaluate_basis_all = -0.4615776517895931 1.461577650111562
67_evaluate_basis_derivatives_0_0 = -0.4615776517895931
68_evaluate_basis_derivatives_0_1 = 0.7775979002967301 -0.9685868582643481 -0.8549029547121944
69_evaluate_basis_derivatives_0_2 = 0 0 0 0 0 0 0 0 0
70_evaluate_basis_derivatives_1_0 = 1.461577650111562
71_evaluate_basis_derivatives_1_1 = -0.7775979002967301 0.9685868582643481 0.8549029547121944
72_evaluate_basis_derivatives_1_2 = 0 0 0 0 0 0 0 0 0
73_evaluate_basis_derivatives_all_0 = -0.4615776517895931 1.461577650111562
74_evaluate_basis_derivatives_all_1 = 0.7775979002967301 -0.9685868582643481 -0.8549029547121944 -0.7775979002967301 0.9685868582643481 0.8549029547121944
75_evaluate_basis_derivatives_all_2 = 0 0 0 0 0 0 0 0 0 0 0 0 0 0 0 0 0 0
76_evaluate_dof_0 = 0.140720811
77_evaluate_dof_1 = 0.358429071
78_evaluate_dofs = 0.140720811 0.358429071
79_interpolate_vertex_values = 0.140720811 0.358429071
80_num_sub_elements = 0

Testing finite_element
----------------------
81_cell_shape = 0
82_space_dimension = 2
83_value_rank = 0
84_evaluate_basis:_0 = -0.4615776517895931
85_evaluate_basis:_1 = 1.461577650111562
86_evaluate_basis_all = -0.4615776517895931 1.461577650111562
87_evaluate_basis_derivatives_0_0 = -0.4615776517895931
88_evaluate_basis_derivatives_0_1 = 0.7775979002967301 -0.9685868582643481 -0.8549029547121944
89_evaluate_basis_derivatives_0_2 = 0 0 0 0 0 0 0 0 0
90_evaluate_basis_derivatives_1_0 = 1.461577650111562
91_evaluate_basis_derivatives_1_1 = -0.7775979002967301 0.9685868582643481 0.8549029547121944
92_evaluate_basis_derivatives_1_2 = 0 0 0 0 0 0 0 0 0
93_evaluate_basis_derivatives_all_0 = -0.4615776517895931 1.461577650111562
94_evaluate_basis_derivatives_all_1 = 0.7775979002967301 -0.9685868582643481 -0.8549029547121944 -0.7775979002967301 0.9685868582643481 0.8549029547121944
95_evaluate_basis_derivatives_all_2 = 0 0 0 0 0 0 0 0 0 0 0 0 0 0 0 0 0 0
96_evaluate_dof_0 = 0.140720811
97_evaluate_dof_1 = 0.358429071
98_evaluate_dofs = 0.140720811 0.358429071
99_interpolate_vertex_values = 0.140720811 0.358429071
100_num_sub_elements = 0

Testing finite_element
----------------------
101_cell_shape = 0
102_space_dimension = 2
103_value_rank = 0
104_evaluate_basis:_0 = -0.4615776517895931
105_evaluate_basis:_1 = 1.461577650111562
106_evaluate_basis_all = -0.4615776517895931 1.461577650111562
107_evaluate_basis_derivatives_0_0 = -0.4615776517895931
108_evaluate_basis_derivatives_0_1 = 0.7775979002967301 -0.9685868582643481 -0.8549029547121944
109_evaluate_basis_derivatives_0_2 = 0 0 0 0 0 0 0 0 0
110_evaluate_basis_derivatives_1_0 = 1.461577650111562
111_evaluate_basis_derivatives_1_1 = -0.7775979002967301 0.9685868582643481 0.8549029547121944
112_evaluate_basis_derivatives_1_2 = 0 0 0 0 0 0 0 0 0
113_evaluate_basis_derivatives_all_0 = -0.4615776517895931 1.461577650111562
114_evaluate_basis_derivatives_all_1 = 0.7775979002967301 -0.9685868582643481 -0.8549029547121944 -0.7775979002967301 0.9685868582643481 0.8549029547121944
115_evaluate_basis_derivatives_all_2 = 0 0 0 0 0 0 0 0 0 0 0 0 0 0 0 0 0 0
116_evaluate_dof_0 = 0.140720811
117_evaluate_dof_1 = 0.358429071
118_evaluate_dofs = 0.140720811 0.358429071
119_interpolate_vertex_values = 0.140720811 0.358429071
120_num_sub_elements = 0
